// Vitest Snapshot v1, https://vitest.dev/guide/snapshot.html

exports[`matches snapshot 1`] = `
<DocumentFragment>
  <div
    class="LoginForm"
  >
    <div
      class="container col-md-6 offset-md-3 col-lg-4 offset-lg-4"
    >
      <h2
        class="mb-3"
      >
        Log In to Jobly
      </h2>
      <div
        class="card"
      >
        <div
          class="card-body"
        >
          <form>
            <div
              class="form-group"
            >
              <label
                for="LoginForm-username-field"
              >
                Username
              </label>
              <input
                class="form-control"
                id="LoginForm-username-field"
                name="username"
                required=""
                type="text"
                value=""
              />
            </div>
            <div
              class="form-group"
            >
              <label
                for="LoginForm-password-field"
              >
                Password
              </label>
              <input
                class="form-control"
                id="LoginForm-password-field"
                name="password"
                required=""
                type="password"
                value=""
              />
            </div>
            <button
              class="btn btn-primary float-right"
              type="submit"
            >
              Log In
            </button>
          </form>
          <p>
            Don't have an account? 
            <a
              href="/signup"
            >
              Create one now!
            </a>
          </p>
        </div>
      </div>
    </div>
  </div>
</DocumentFragment>
`;
