// Vitest Snapshot v1, https://vitest.dev/guide/snapshot.html

exports[`matches snapshot 1`] = `
<DocumentFragment>
  <div
    class="Routes pt-5"
  >
    <div
      class="Homepage"
    >
      <div
        class="Homepage-logged-in container text-center"
      >
        <h1
          class="Homepage-logged-in-title mb-4 font-weight-bold"
        >
          Welcome back !
        </h1>
        <p
          class="Homepage-logged-in-subtitle lead"
        >
          See companies and job openings below.
        </p>
        <div
          class="Homepage-logged-in-links"
        >
          <a
            class="Homepage-logged-in-companies-link btn btn-secondary font-weight-bold mr-3"
            data-discover="true"
            href="/companies"
          >
            See All Companies
          </a>
          <a
            class="Homepage-logged-in-jobs-link btn btn-info font-weight-bold"
            data-discover="true"
            href="/jobs"
          >
            See Job Openings
          </a>
        </div>
      </div>
    </div>
  </div>
</DocumentFragment>
`;
