// Vitest Snapshot v1, https://vitest.dev/guide/snapshot.html

exports[`matches snapshot when logged in 1`] = `
<DocumentFragment>
  <nav
    class="JoblyNavbar navbar navbar-expand-md"
  >
    <a
      class="navbar-brand"
      data-discover="true"
      href="/"
    >
      Jobly
    </a>
    <ul
      class="navbar-nav ml-auto"
    >
      <li
        class="nav-item mr-4"
      >
        <a
          class="nav-link"
          data-discover="true"
          href="/companies"
        >
          All Companies
        </a>
      </li>
      <li
        class="nav-item mr-4"
      >
        <a
          class="nav-link"
          data-discover="true"
          href="/jobs"
        >
          All Jobs
        </a>
      </li>
      <li
        class="nav-item mr-4"
      >
        <a
          class="nav-link"
          data-discover="true"
          href="/profile"
        >
          Update Profile
        </a>
      </li>
      <li
        class="nav-item"
      >
        <a
          class="nav-link logout-link"
          data-discover="true"
          href="/"
        >
          Log out testuser
        </a>
      </li>
    </ul>
  </nav>
</DocumentFragment>
`;

exports[`matches snapshot when logged out 1`] = `
<DocumentFragment>
  <nav
    class="JoblyNavbar navbar navbar-expand-md"
  >
    <a
      class="navbar-brand"
      data-discover="true"
      href="/"
    >
      Jobly
    </a>
    <ul
      class="navbar-nav ml-auto"
    >
      <li
        class="nav-item mr-4"
      >
        <a
          class="nav-link"
          data-discover="true"
          href="/companies"
        >
          All Companies
        </a>
      </li>
      <li
        class="nav-item mr-4"
      >
        <a
          class="nav-link"
          data-discover="true"
          href="/jobs"
        >
          All Jobs
        </a>
      </li>
      <li
        class="nav-item mr-4"
      >
        <a
          class="nav-link"
          data-discover="true"
          href="/profile"
        >
          Update Profile
        </a>
      </li>
      <li
        class="nav-item"
      >
        <a
          class="nav-link logout-link"
          data-discover="true"
          href="/"
        >
          Log out testuser
        </a>
      </li>
    </ul>
  </nav>
</DocumentFragment>
`;
